// Jest Snapshot v1, https://goo.gl/fbAQLP

exports[`render correctly with props 1`] = `
<BVLinearGradient
  colors={
    Array [
      4293914607,
      4293914607,
    ]
  }
  locations={
    Array [
      0,
      1,
    ]
  }
  style={
    Object {
      "flex": 1,
    }
  }
>
  <RCTSafeAreaView
    style={
      Object {
        "flex": 1,
      }
    }
  >
    <View
      onLayout={[Function]}
    >
      <View
        style={
          Array [
            undefined,
            Object {
              "backgroundColor": "#000",
              "width": 720,
            },
          ]
        }
      >
        <View
          style={
            Array [
              undefined,
              null,
            ]
          }
        >
          <View
            style={
              Array [
                undefined,
                undefined,
              ]
            }
          >
            <View
              accessible={true}
              isTVSelectable={true}
              onResponderGrant={[Function]}
              onResponderMove={[Function]}
              onResponderRelease={[Function]}
              onResponderTerminate={[Function]}
              onResponderTerminationRequest={[Function]}
              onStartShouldSetResponder={[Function]}
              style={
                Object {
                  "opacity": 1,
                }
              }
            >
              <Text
                accessible={true}
                allowFontScaling={false}
                ellipsizeMode="tail"
                style={
                  Array [
                    Object {
                      "color": "#2E88FF",
                      "fontSize": 36,
                    },
                    undefined,
                    Object {
                      "fontFamily": "Material Design Icons",
                      "fontStyle": "normal",
                      "fontWeight": "normal",
                    },
                    Object {},
                  ]
                }
                type="material-community"
              >
                ÔÖÅ
              </Text>
            </View>
          </View>
          <View
            style={
              Array [
                undefined,
                undefined,
                null,
              ]
            }
          >
            <Text
              accessible={true}
              allowFontScaling={true}
              ellipsizeMode="tail"
              numberOfLines={1}
              style={
                Array [
                  Object {
                    "fontFamily": "OpenSans-Regular",
                  },
                  Array [
                    undefined,
                    null,
                  ],
                ]
              }
            >
              Image Gallery
            </Text>
          </View>
          <View
            style={
              Array [
                undefined,
                undefined,
              ]
            }
          />
        </View>
        <CameraRollPicker
          assetType="All"
          callback={[Function]}
          containerWidth={720}
          imagesPerRow={3}
          maximum={1}
          pageSize={2}
          selected={Array []}
          selectedMarker={null}
        >
          
        </CameraRollPicker>
      </View>
    </View>
  </RCTSafeAreaView>
</BVLinearGradient>
`;
